Assembler report for fp8_adder
Fri Jun 05 02:16:13 2026
Quartus Prime Version 17.1.0 Build 590 10/25/2017 SJ Lite Edition


---------------------
; Table of Contents ;
---------------------
  1. Legal Notice
  2. Assembler Summary
  3. Assembler Settings
  4. Assembler Generated Files
  5. Assembler Device Options: C:/Users/rotem/Documents/Technion/TechCrash2026 Hackathon/TechCrash2026/challenges/challenge_07/fpga/fp8_adder.sof
  6. Assembler Messages



----------------
; Legal Notice ;
----------------
Copyright (C) 2017  Intel Corporation. All rights reserved.
Your use of Intel Corporation's design tools, logic functions 
and other software and tools, and its AMPP partner logic 
functions, and any output files from any of the foregoing 
(including device programming or simulation files), and any 
associated documentation or information are expressly subject 
to the terms and conditions of the Intel Program License 
Subscription Agreement, the Intel Quartus Prime License Agreement,
the Intel FPGA IP License Agreement, or other applicable license
agreement, including, without limitation, that your use is for
the sole purpose of programming logic devices manufactured by
Intel and sold by Intel or its authorized distributors.  Please
refer to the applicable agreement for further details.



+---------------------------------------------------------------+
; Assembler Summary                                             ;
+-----------------------+---------------------------------------+
; Assembler Status      ; Successful - Fri Jun 05 02:16:13 2026 ;
; Revision Name         ; fp8_adder                             ;
; Top-level Entity Name ; fp8_top                               ;
; Family                ; MAX 10                                ;
; Device                ; 10M50DAF484C7G                        ;
+-----------------------+---------------------------------------+


+----------------------------------+
; Assembler Settings               ;
+--------+---------+---------------+
; Option ; Setting ; Default Value ;
+--------+---------+---------------+


+--------------------------------------------------------------------------------------------------------------------+
; Assembler Generated Files                                                                                          ;
+--------------------------------------------------------------------------------------------------------------------+
; File Name                                                                                                          ;
+--------------------------------------------------------------------------------------------------------------------+
; C:/Users/rotem/Documents/Technion/TechCrash2026 Hackathon/TechCrash2026/challenges/challenge_07/fpga/fp8_adder.sof ;
+--------------------------------------------------------------------------------------------------------------------+


+----------------------------------------------------------------------------------------------------------------------------------------------+
; Assembler Device Options: C:/Users/rotem/Documents/Technion/TechCrash2026 Hackathon/TechCrash2026/challenges/challenge_07/fpga/fp8_adder.sof ;
+----------------+-----------------------------------------------------------------------------------------------------------------------------+
; Option         ; Setting                                                                                                                     ;
+----------------+-----------------------------------------------------------------------------------------------------------------------------+
; JTAG usercode  ; 0x00AEB071                                                                                                                  ;
; Checksum       ; 0x00AEB071                                                                                                                  ;
+----------------+-----------------------------------------------------------------------------------------------------------------------------+


+--------------------+
; Assembler Messages ;
+--------------------+
Info: *******************************************************************
Info: Running Quartus Prime Assembler
    Info: Version 17.1.0 Build 590 10/25/2017 SJ Lite Edition
    Info: Processing started: Fri Jun 05 02:16:08 2026
Info: Command: quartus_asm --read_settings_files=off --write_settings_files=off fp8_adder -c fp8_adder
Info (115031): Writing out detailed assembly data for power analysis
Info (115030): Assembler is generating device programming files
Info: Quartus Prime Assembler was successful. 0 errors, 0 warnings
    Info: Peak virtual memory: 4713 megabytes
    Info: Processing ended: Fri Jun 05 02:16:13 2026
    Info: Elapsed time: 00:00:05
    Info: Total CPU time (on all processors): 00:00:05


