Analysis & Synthesis report for fp8_adder
Fri Jun 05 02:13:18 2026
Quartus Prime Version 17.1.0 Build 590 10/25/2017 SJ Lite Edition


---------------------
; Table of Contents ;
---------------------
  1. Legal Notice
  2. Analysis & Synthesis Summary
  3. Analysis & Synthesis Settings
  4. Parallel Compilation
  5. Analysis & Synthesis Source Files Read
  6. Analysis & Synthesis Resource Usage Summary
  7. Analysis & Synthesis Resource Utilization by Entity
  8. State Machine - |fp8_top|test_controller:tc|state
  9. Registers Removed During Synthesis
 10. General Register Statistics
 11. Inverted Register Statistics
 12. Multiplexer Restructuring Statistics (Restructuring Performed)
 13. Parameter Settings for User Entity Instance: challenge_pll:user_pll|altpll:altpll_component
 14. Parameter Settings for User Entity Instance: rom_8x4096:rom_a
 15. Parameter Settings for User Entity Instance: rom_8x4096:rom_b
 16. Parameter Settings for User Entity Instance: rom_8x4096:rom_exp
 17. altpll Parameter Settings by Entity Instance
 18. Port Connectivity Checks: "test_controller:tc"
 19. Post-Synthesis Netlist Statistics for Top Partition
 20. Elapsed Time Per Partition
 21. Analysis & Synthesis Messages



----------------
; Legal Notice ;
----------------
Copyright (C) 2017  Intel Corporation. All rights reserved.
Your use of Intel Corporation's design tools, logic functions 
and other software and tools, and its AMPP partner logic 
functions, and any output files from any of the foregoing 
(including device programming or simulation files), and any 
associated documentation or information are expressly subject 
to the terms and conditions of the Intel Program License 
Subscription Agreement, the Intel Quartus Prime License Agreement,
the Intel FPGA IP License Agreement, or other applicable license
agreement, including, without limitation, that your use is for
the sole purpose of programming logic devices manufactured by
Intel and sold by Intel or its authorized distributors.  Please
refer to the applicable agreement for further details.



+----------------------------------------------------------------------------------+
; Analysis & Synthesis Summary                                                     ;
+------------------------------------+---------------------------------------------+
; Analysis & Synthesis Status        ; Successful - Fri Jun 05 02:13:17 2026       ;
; Quartus Prime Version              ; 17.1.0 Build 590 10/25/2017 SJ Lite Edition ;
; Revision Name                      ; fp8_adder                                   ;
; Top-level Entity Name              ; fp8_top                                     ;
; Family                             ; MAX 10                                      ;
; Total logic elements               ; 14,425                                      ;
;     Total combinational functions  ; 14,390                                      ;
;     Dedicated logic registers      ; 140                                         ;
; Total registers                    ; 140                                         ;
; Total pins                         ; 65                                          ;
; Total virtual pins                 ; 0                                           ;
; Total memory bits                  ; 0                                           ;
; Embedded Multiplier 9-bit elements ; 0                                           ;
; Total PLLs                         ; 1                                           ;
; UFM blocks                         ; 0                                           ;
; ADC blocks                         ; 0                                           ;
+------------------------------------+---------------------------------------------+


+----------------------------------------------------------------------------------------------------------------------+
; Analysis & Synthesis Settings                                                                                        ;
+----------------------------------------------------------------------------+--------------------+--------------------+
; Option                                                                     ; Setting            ; Default Value      ;
+----------------------------------------------------------------------------+--------------------+--------------------+
; Device                                                                     ; 10M50DAF484C7G     ;                    ;
; Top-level entity name                                                      ; fp8_top            ; fp8_adder          ;
; Family name                                                                ; MAX 10             ; Cyclone V          ;
; Maximum processors allowed for parallel compilation                        ; All                ;                    ;
; Use smart compilation                                                      ; Off                ; Off                ;
; Enable parallel Assembler and TimeQuest Timing Analyzer during compilation ; On                 ; On                 ;
; Enable compact report table                                                ; Off                ; Off                ;
; Restructure Multiplexers                                                   ; Auto               ; Auto               ;
; Create Debugging Nodes for IP Cores                                        ; Off                ; Off                ;
; Preserve fewer node names                                                  ; On                 ; On                 ;
; Intel FPGA IP Evaluation Mode                                              ; Enable             ; Enable             ;
; Verilog Version                                                            ; Verilog_2001       ; Verilog_2001       ;
; VHDL Version                                                               ; VHDL_1993          ; VHDL_1993          ;
; State Machine Processing                                                   ; Auto               ; Auto               ;
; Safe State Machine                                                         ; Off                ; Off                ;
; Extract Verilog State Machines                                             ; On                 ; On                 ;
; Extract VHDL State Machines                                                ; On                 ; On                 ;
; Ignore Verilog initial constructs                                          ; Off                ; Off                ;
; Iteration limit for constant Verilog loops                                 ; 5000               ; 5000               ;
; Iteration limit for non-constant Verilog loops                             ; 250                ; 250                ;
; Add Pass-Through Logic to Inferred RAMs                                    ; On                 ; On                 ;
; Infer RAMs from Raw Logic                                                  ; On                 ; On                 ;
; Parallel Synthesis                                                         ; On                 ; On                 ;
; DSP Block Balancing                                                        ; Auto               ; Auto               ;
; NOT Gate Push-Back                                                         ; On                 ; On                 ;
; Power-Up Don't Care                                                        ; On                 ; On                 ;
; Remove Redundant Logic Cells                                               ; Off                ; Off                ;
; Remove Duplicate Registers                                                 ; On                 ; On                 ;
; Ignore CARRY Buffers                                                       ; Off                ; Off                ;
; Ignore CASCADE Buffers                                                     ; Off                ; Off                ;
; Ignore GLOBAL Buffers                                                      ; Off                ; Off                ;
; Ignore ROW GLOBAL Buffers                                                  ; Off                ; Off                ;
; Ignore LCELL Buffers                                                       ; Off                ; Off                ;
; Ignore SOFT Buffers                                                        ; On                 ; On                 ;
; Limit AHDL Integers to 32 Bits                                             ; Off                ; Off                ;
; Optimization Technique                                                     ; Balanced           ; Balanced           ;
; Carry Chain Length                                                         ; 70                 ; 70                 ;
; Auto Carry Chains                                                          ; On                 ; On                 ;
; Auto Open-Drain Pins                                                       ; On                 ; On                 ;
; Perform WYSIWYG Primitive Resynthesis                                      ; Off                ; Off                ;
; Auto ROM Replacement                                                       ; On                 ; On                 ;
; Auto RAM Replacement                                                       ; On                 ; On                 ;
; Auto DSP Block Replacement                                                 ; On                 ; On                 ;
; Auto Shift Register Replacement                                            ; Auto               ; Auto               ;
; Allow Shift Register Merging across Hierarchies                            ; Auto               ; Auto               ;
; Auto Clock Enable Replacement                                              ; On                 ; On                 ;
; Strict RAM Replacement                                                     ; Off                ; Off                ;
; Allow Synchronous Control Signals                                          ; On                 ; On                 ;
; Force Use of Synchronous Clear Signals                                     ; Off                ; Off                ;
; Auto RAM Block Balancing                                                   ; On                 ; On                 ;
; Auto RAM to Logic Cell Conversion                                          ; Off                ; Off                ;
; Auto Resource Sharing                                                      ; Off                ; Off                ;
; Allow Any RAM Size For Recognition                                         ; Off                ; Off                ;
; Allow Any ROM Size For Recognition                                         ; Off                ; Off                ;
; Allow Any Shift Register Size For Recognition                              ; Off                ; Off                ;
; Use LogicLock Constraints during Resource Balancing                        ; On                 ; On                 ;
; Ignore translate_off and synthesis_off directives                          ; Off                ; Off                ;
; Timing-Driven Synthesis                                                    ; On                 ; On                 ;
; Report Parameter Settings                                                  ; On                 ; On                 ;
; Report Source Assignments                                                  ; On                 ; On                 ;
; Report Connectivity Checks                                                 ; On                 ; On                 ;
; Ignore Maximum Fan-Out Assignments                                         ; Off                ; Off                ;
; Synchronization Register Chain Length                                      ; 2                  ; 2                  ;
; Power Optimization During Synthesis                                        ; Normal compilation ; Normal compilation ;
; HDL message level                                                          ; Level2             ; Level2             ;
; Suppress Register Optimization Related Messages                            ; Off                ; Off                ;
; Number of Removed Registers Reported in Synthesis Report                   ; 5000               ; 5000               ;
; Number of Swept Nodes Reported in Synthesis Report                         ; 5000               ; 5000               ;
; Number of Inverted Registers Reported in Synthesis Report                  ; 100                ; 100                ;
; Clock MUX Protection                                                       ; On                 ; On                 ;
; Auto Gated Clock Conversion                                                ; Off                ; Off                ;
; Block Design Naming                                                        ; Auto               ; Auto               ;
; SDC constraint protection                                                  ; Off                ; Off                ;
; Synthesis Effort                                                           ; Auto               ; Auto               ;
; Shift Register Replacement - Allow Asynchronous Clear Signal               ; On                 ; On                 ;
; Pre-Mapping Resynthesis Optimization                                       ; Off                ; Off                ;
; Analysis & Synthesis Message Level                                         ; Medium             ; Medium             ;
; Disable Register Merging Across Hierarchies                                ; Auto               ; Auto               ;
; Resource Aware Inference For Block RAM                                     ; On                 ; On                 ;
+----------------------------------------------------------------------------+--------------------+--------------------+


+------------------------------------------+
; Parallel Compilation                     ;
+----------------------------+-------------+
; Processors                 ; Number      ;
+----------------------------+-------------+
; Number detected on machine ; 12          ;
; Maximum allowed            ; 10          ;
;                            ;             ;
; Average used               ; 1.00        ;
; Maximum used               ; 10          ;
;                            ;             ;
; Usage by Processor         ; % Time Used ;
;     Processor 1            ; 100.0%      ;
;     Processor 2            ;   0.0%      ;
;     Processor 3            ;   0.0%      ;
;     Processor 4            ;   0.0%      ;
;     Processor 5            ;   0.0%      ;
;     Processor 6            ;   0.0%      ;
;     Processor 7            ;   0.0%      ;
;     Processor 8            ;   0.0%      ;
;     Processors 9-10        ;   0.0%      ;
+----------------------------+-------------+


+---------------------------------------------------------------------------------------------------------------------------------------------------------------------------------------------------------------------------------------------+
; Analysis & Synthesis Source Files Read                                                                                                                                                                                                      ;
+----------------------------------+-----------------+---------------------------------------------+--------------------------------------------------------------------------------------------------------------------------------+---------+
; File Name with User-Entered Path ; Used in Netlist ; File Type                                   ; File Name with Absolute Path                                                                                                   ; Library ;
+----------------------------------+-----------------+---------------------------------------------+--------------------------------------------------------------------------------------------------------------------------------+---------+
; src/fp8_top.v                    ; yes             ; User Verilog HDL File                       ; C:/Users/rotem/Documents/Technion/TechCrash2026 Hackathon/TechCrash2026/challenges/challenge_07/fpga/src/fp8_top.v             ;         ;
; src/challenge_pll.v              ; yes             ; User Verilog HDL File                       ; C:/Users/rotem/Documents/Technion/TechCrash2026 Hackathon/TechCrash2026/challenges/challenge_07/fpga/src/challenge_pll.v       ;         ;
; src/fp8_adder.v                  ; yes             ; User Verilog HDL File                       ; C:/Users/rotem/Documents/Technion/TechCrash2026 Hackathon/TechCrash2026/challenges/challenge_07/fpga/src/fp8_adder.v           ;         ;
; src/test_controller.v            ; yes             ; User Verilog HDL File                       ; C:/Users/rotem/Documents/Technion/TechCrash2026 Hackathon/TechCrash2026/challenges/challenge_07/fpga/src/test_controller.v     ;         ;
; src/seg7_hex.v                   ; yes             ; User Verilog HDL File                       ; C:/Users/rotem/Documents/Technion/TechCrash2026 Hackathon/TechCrash2026/challenges/challenge_07/fpga/src/seg7_hex.v            ;         ;
; src/rom_8x4096.v                 ; yes             ; User Verilog HDL File                       ; C:/Users/rotem/Documents/Technion/TechCrash2026 Hackathon/TechCrash2026/challenges/challenge_07/fpga/src/rom_8x4096.v          ;         ;
; mem/fp8_add_lut.hex              ; yes             ; Auto-Found Hexadecimal (Intel-Format) File  ; C:/Users/rotem/Documents/Technion/TechCrash2026 Hackathon/TechCrash2026/challenges/challenge_07/fpga/mem/fp8_add_lut.hex       ;         ;
; altpll.tdf                       ; yes             ; Megafunction                                ; c:/intelfpga_lite/17.1/quartus/libraries/megafunctions/altpll.tdf                                                              ;         ;
; aglobal171.inc                   ; yes             ; Megafunction                                ; c:/intelfpga_lite/17.1/quartus/libraries/megafunctions/aglobal171.inc                                                          ;         ;
; stratix_pll.inc                  ; yes             ; Megafunction                                ; c:/intelfpga_lite/17.1/quartus/libraries/megafunctions/stratix_pll.inc                                                         ;         ;
; stratixii_pll.inc                ; yes             ; Megafunction                                ; c:/intelfpga_lite/17.1/quartus/libraries/megafunctions/stratixii_pll.inc                                                       ;         ;
; cycloneii_pll.inc                ; yes             ; Megafunction                                ; c:/intelfpga_lite/17.1/quartus/libraries/megafunctions/cycloneii_pll.inc                                                       ;         ;
; db/challenge_pll_altpll.v        ; yes             ; Auto-Generated Megafunction                 ; C:/Users/rotem/Documents/Technion/TechCrash2026 Hackathon/TechCrash2026/challenges/challenge_07/fpga/db/challenge_pll_altpll.v ;         ;
+----------------------------------+-----------------+---------------------------------------------+--------------------------------------------------------------------------------------------------------------------------------+---------+


+------------------------------------------------------------------------------+
; Analysis & Synthesis Resource Usage Summary                                  ;
+---------------------------------------------+--------------------------------+
; Resource                                    ; Usage                          ;
+---------------------------------------------+--------------------------------+
; Estimated Total logic elements              ; 14,425                         ;
;                                             ;                                ;
; Total combinational functions               ; 14390                          ;
; Logic element usage by number of LUT inputs ;                                ;
;     -- 4 input functions                    ; 13354                          ;
;     -- 3 input functions                    ; 780                            ;
;     -- <=2 input functions                  ; 256                            ;
;                                             ;                                ;
; Logic elements by mode                      ;                                ;
;     -- normal mode                          ; 14364                          ;
;     -- arithmetic mode                      ; 26                             ;
;                                             ;                                ;
; Total registers                             ; 140                            ;
;     -- Dedicated logic registers            ; 140                            ;
;     -- I/O registers                        ; 0                              ;
;                                             ;                                ;
; I/O pins                                    ; 65                             ;
;                                             ;                                ;
; Embedded Multiplier 9-bit elements          ; 0                              ;
;                                             ;                                ;
; Total PLLs                                  ; 1                              ;
;     -- PLLs                                 ; 1                              ;
;                                             ;                                ;
; Maximum fan-out node                        ; test_controller:tc|mem_addr[0] ;
; Maximum fan-out                             ; 3089                           ;
; Total fan-out                               ; 56904                          ;
; Average fan-out                             ; 3.88                           ;
+---------------------------------------------+--------------------------------+


+-----------------------------------------------------------------------------------------------------------------------------------------------------------------------------------------------------------------------------------------------------------------------------------------------------------------------------------------+
; Analysis & Synthesis Resource Utilization by Entity                                                                                                                                                                                                                                                                                     ;
+------------------------------------------------+---------------------+---------------------------+-------------+------------+--------------+---------+-----------+------+--------------+------------+---------------------------------------------------------------------------------------------+----------------------+--------------+
; Compilation Hierarchy Node                     ; Combinational ALUTs ; Dedicated Logic Registers ; Memory Bits ; UFM Blocks ; DSP Elements ; DSP 9x9 ; DSP 18x18 ; Pins ; Virtual Pins ; ADC blocks ; Full Hierarchy Name                                                                         ; Entity Name          ; Library Name ;
+------------------------------------------------+---------------------+---------------------------+-------------+------------+--------------+---------+-----------+------+--------------+------------+---------------------------------------------------------------------------------------------+----------------------+--------------+
; |fp8_top                                       ; 14390 (82)          ; 140 (36)                  ; 0           ; 0          ; 0            ; 0       ; 0         ; 65   ; 0            ; 0          ; |fp8_top                                                                                    ; fp8_top              ; work         ;
;    |challenge_pll:user_pll|                    ; 0 (0)               ; 0 (0)                     ; 0           ; 0          ; 0            ; 0       ; 0         ; 0    ; 0            ; 0          ; |fp8_top|challenge_pll:user_pll                                                             ; challenge_pll        ; work         ;
;       |altpll:altpll_component|                ; 0 (0)               ; 0 (0)                     ; 0           ; 0          ; 0            ; 0       ; 0         ; 0    ; 0            ; 0          ; |fp8_top|challenge_pll:user_pll|altpll:altpll_component                                     ; altpll               ; work         ;
;          |challenge_pll_altpll:auto_generated| ; 0 (0)               ; 0 (0)                     ; 0           ; 0          ; 0            ; 0       ; 0         ; 0    ; 0            ; 0          ; |fp8_top|challenge_pll:user_pll|altpll:altpll_component|challenge_pll_altpll:auto_generated ; challenge_pll_altpll ; work         ;
;    |fp8_adder:dut|                             ; 5374 (5374)         ; 9 (9)                     ; 0           ; 0          ; 0            ; 0       ; 0         ; 0    ; 0            ; 0          ; |fp8_top|fp8_adder:dut                                                                      ; fp8_adder            ; work         ;
;    |rom_8x4096:rom_a|                          ; 2923 (2923)         ; 8 (8)                     ; 0           ; 0          ; 0            ; 0       ; 0         ; 0    ; 0            ; 0          ; |fp8_top|rom_8x4096:rom_a                                                                   ; rom_8x4096           ; work         ;
;    |rom_8x4096:rom_b|                          ; 2952 (2952)         ; 8 (8)                     ; 0           ; 0          ; 0            ; 0       ; 0         ; 0    ; 0            ; 0          ; |fp8_top|rom_8x4096:rom_b                                                                   ; rom_8x4096           ; work         ;
;    |rom_8x4096:rom_exp|                        ; 2927 (2927)         ; 8 (8)                     ; 0           ; 0          ; 0            ; 0       ; 0         ; 0    ; 0            ; 0          ; |fp8_top|rom_8x4096:rom_exp                                                                 ; rom_8x4096           ; work         ;
;    |seg7_hex:s0|                               ; 14 (14)             ; 0 (0)                     ; 0           ; 0          ; 0            ; 0       ; 0         ; 0    ; 0            ; 0          ; |fp8_top|seg7_hex:s0                                                                        ; seg7_hex             ; work         ;
;    |seg7_hex:s1|                               ; 14 (14)             ; 0 (0)                     ; 0           ; 0          ; 0            ; 0       ; 0         ; 0    ; 0            ; 0          ; |fp8_top|seg7_hex:s1                                                                        ; seg7_hex             ; work         ;
;    |seg7_hex:s2|                               ; 14 (14)             ; 0 (0)                     ; 0           ; 0          ; 0            ; 0       ; 0         ; 0    ; 0            ; 0          ; |fp8_top|seg7_hex:s2                                                                        ; seg7_hex             ; work         ;
;    |seg7_hex:s3|                               ; 14 (14)             ; 0 (0)                     ; 0           ; 0          ; 0            ; 0       ; 0         ; 0    ; 0            ; 0          ; |fp8_top|seg7_hex:s3                                                                        ; seg7_hex             ; work         ;
;    |seg7_hex:s4|                               ; 7 (7)               ; 0 (0)                     ; 0           ; 0          ; 0            ; 0       ; 0         ; 0    ; 0            ; 0          ; |fp8_top|seg7_hex:s4                                                                        ; seg7_hex             ; work         ;
;    |seg7_hex:s5|                               ; 7 (7)               ; 0 (0)                     ; 0           ; 0          ; 0            ; 0       ; 0         ; 0    ; 0            ; 0          ; |fp8_top|seg7_hex:s5                                                                        ; seg7_hex             ; work         ;
;    |test_controller:tc|                        ; 62 (62)             ; 71 (71)                   ; 0           ; 0          ; 0            ; 0       ; 0         ; 0    ; 0            ; 0          ; |fp8_top|test_controller:tc                                                                 ; test_controller      ; work         ;
+------------------------------------------------+---------------------+---------------------------+-------------+------------+--------------+---------+-----------+------+--------------+------------+---------------------------------------------------------------------------------------------+----------------------+--------------+
Note: For table entries with two numbers listed, the numbers in parentheses indicate the number of resources of the given type used by the specific entity alone. The numbers listed outside of parentheses indicate the total resources of the given type used by the specific entity and all of its sub-entities in the hierarchy.


Encoding Type:  One-Hot
+---------------------------------------------------------------------------------------------------------------------------------------------------------------+
; State Machine - |fp8_top|test_controller:tc|state                                                                                                             ;
+-------------------+---------------+---------------+----------------+-------------------+-----------------+-------------------+----------------+---------------+
; Name              ; state.TC_DONE ; state.TC_NEXT ; state.TC_CHECK ; state.TC_WAIT_ADD ; state.TC_LAUNCH ; state.TC_WAIT_MEM ; state.TC_FETCH ; state.TC_IDLE ;
+-------------------+---------------+---------------+----------------+-------------------+-----------------+-------------------+----------------+---------------+
; state.TC_IDLE     ; 0             ; 0             ; 0              ; 0                 ; 0               ; 0                 ; 0              ; 0             ;
; state.TC_FETCH    ; 0             ; 0             ; 0              ; 0                 ; 0               ; 0                 ; 1              ; 1             ;
; state.TC_WAIT_MEM ; 0             ; 0             ; 0              ; 0                 ; 0               ; 1                 ; 0              ; 1             ;
; state.TC_LAUNCH   ; 0             ; 0             ; 0              ; 0                 ; 1               ; 0                 ; 0              ; 1             ;
; state.TC_WAIT_ADD ; 0             ; 0             ; 0              ; 1                 ; 0               ; 0                 ; 0              ; 1             ;
; state.TC_CHECK    ; 0             ; 0             ; 1              ; 0                 ; 0               ; 0                 ; 0              ; 1             ;
; state.TC_NEXT     ; 0             ; 1             ; 0              ; 0                 ; 0               ; 0                 ; 0              ; 1             ;
; state.TC_DONE     ; 1             ; 0             ; 0              ; 0                 ; 0               ; 0                 ; 0              ; 1             ;
+-------------------+---------------+---------------+----------------+-------------------+-----------------+-------------------+----------------+---------------+


+------------------------------------------------------------+
; Registers Removed During Synthesis                         ;
+---------------------------------------+--------------------+
; Register name                         ; Reason for Removal ;
+---------------------------------------+--------------------+
; test_controller:tc|state~12           ; Lost fanout        ;
; test_controller:tc|state~13           ; Lost fanout        ;
; test_controller:tc|state~14           ; Lost fanout        ;
; Total Number of Removed Registers = 3 ;                    ;
+---------------------------------------+--------------------+


+------------------------------------------------------+
; General Register Statistics                          ;
+----------------------------------------------+-------+
; Statistic                                    ; Value ;
+----------------------------------------------+-------+
; Total registers                              ; 140   ;
; Number of registers using Synchronous Clear  ; 29    ;
; Number of registers using Synchronous Load   ; 0     ;
; Number of registers using Asynchronous Clear ; 116   ;
; Number of registers using Asynchronous Load  ; 0     ;
; Number of registers using Clock Enable       ; 99    ;
; Number of registers using Preset             ; 0     ;
+----------------------------------------------+-------+


+--------------------------------------------------+
; Inverted Register Statistics                     ;
+----------------------------------------+---------+
; Inverted Register                      ; Fan out ;
+----------------------------------------+---------+
; key0_r                                 ; 6       ;
; key0_rr                                ; 5       ;
; Total number of inverted registers = 2 ;         ;
+----------------------------------------+---------+


+----------------------------------------------------------------------------------------------------------------------------------------------------------+
; Multiplexer Restructuring Statistics (Restructuring Performed)                                                                                           ;
+--------------------+-----------+---------------+----------------------+------------------------+------------+--------------------------------------------+
; Multiplexer Inputs ; Bus Width ; Baseline Area ; Area if Restructured ; Saving if Restructured ; Registered ; Example Multiplexer Output                 ;
+--------------------+-----------+---------------+----------------------+------------------------+------------+--------------------------------------------+
; 4:1                ; 4 bits    ; 8 LEs         ; 4 LEs                ; 4 LEs                  ; Yes        ; |fp8_top|us_d0[2]                          ;
; 4:1                ; 5 bits    ; 10 LEs        ; 5 LEs                ; 5 LEs                  ; Yes        ; |fp8_top|us_prescaler[2]                   ;
; 4:1                ; 4 bits    ; 8 LEs         ; 4 LEs                ; 4 LEs                  ; Yes        ; |fp8_top|us_d1[0]                          ;
; 4:1                ; 4 bits    ; 8 LEs         ; 4 LEs                ; 4 LEs                  ; Yes        ; |fp8_top|us_d2[0]                          ;
; 4:1                ; 4 bits    ; 8 LEs         ; 4 LEs                ; 4 LEs                  ; Yes        ; |fp8_top|us_d3[3]                          ;
; 4:1                ; 4 bits    ; 8 LEs         ; 4 LEs                ; 4 LEs                  ; Yes        ; |fp8_top|us_d4[2]                          ;
; 4:1                ; 4 bits    ; 8 LEs         ; 4 LEs                ; 4 LEs                  ; Yes        ; |fp8_top|us_d5[0]                          ;
; 4:1                ; 12 bits   ; 24 LEs        ; 12 LEs               ; 12 LEs                 ; Yes        ; |fp8_top|test_controller:tc|mem_addr[3]    ;
; 5:1                ; 12 bits   ; 36 LEs        ; 12 LEs               ; 24 LEs                 ; Yes        ; |fp8_top|test_controller:tc|test_index[11] ;
; 5:1                ; 12 bits   ; 36 LEs        ; 12 LEs               ; 24 LEs                 ; Yes        ; |fp8_top|test_controller:tc|fail_count[8]  ;
; 6:1                ; 2 bits    ; 8 LEs         ; 6 LEs                ; 2 LEs                  ; No         ; |fp8_top|test_controller:tc|Selector89     ;
+--------------------+-----------+---------------+----------------------+------------------------+------------+--------------------------------------------+


+---------------------------------------------------------------------------------------------+
; Parameter Settings for User Entity Instance: challenge_pll:user_pll|altpll:altpll_component ;
+-------------------------------+---------------------------------+---------------------------+
; Parameter Name                ; Value                           ; Type                      ;
+-------------------------------+---------------------------------+---------------------------+
; OPERATION_MODE                ; NORMAL                          ; Untyped                   ;
; PLL_TYPE                      ; AUTO                            ; Untyped                   ;
; LPM_HINT                      ; CBX_MODULE_PREFIX=challenge_pll ; Untyped                   ;
; QUALIFY_CONF_DONE             ; OFF                             ; Untyped                   ;
; COMPENSATE_CLOCK              ; CLK0                            ; Untyped                   ;
; SCAN_CHAIN                    ; LONG                            ; Untyped                   ;
; PRIMARY_CLOCK                 ; INCLK0                          ; Untyped                   ;
; INCLK0_INPUT_FREQUENCY        ; 20000                           ; Signed Integer            ;
; INCLK1_INPUT_FREQUENCY        ; 0                               ; Untyped                   ;
; GATE_LOCK_SIGNAL              ; NO                              ; Untyped                   ;
; GATE_LOCK_COUNTER             ; 0                               ; Untyped                   ;
; LOCK_HIGH                     ; 1                               ; Untyped                   ;
; LOCK_LOW                      ; 1                               ; Untyped                   ;
; VALID_LOCK_MULTIPLIER         ; 1                               ; Untyped                   ;
; INVALID_LOCK_MULTIPLIER       ; 5                               ; Untyped                   ;
; SWITCH_OVER_ON_LOSSCLK        ; OFF                             ; Untyped                   ;
; SWITCH_OVER_ON_GATED_LOCK     ; OFF                             ; Untyped                   ;
; ENABLE_SWITCH_OVER_COUNTER    ; OFF                             ; Untyped                   ;
; SKIP_VCO                      ; OFF                             ; Untyped                   ;
; SWITCH_OVER_COUNTER           ; 0                               ; Untyped                   ;
; SWITCH_OVER_TYPE              ; AUTO                            ; Untyped                   ;
; FEEDBACK_SOURCE               ; EXTCLK0                         ; Untyped                   ;
; BANDWIDTH                     ; 0                               ; Untyped                   ;
; BANDWIDTH_TYPE                ; AUTO                            ; Untyped                   ;
; SPREAD_FREQUENCY              ; 0                               ; Untyped                   ;
; DOWN_SPREAD                   ; 0                               ; Untyped                   ;
; SELF_RESET_ON_GATED_LOSS_LOCK ; OFF                             ; Untyped                   ;
; SELF_RESET_ON_LOSS_LOCK       ; OFF                             ; Untyped                   ;
; CLK9_MULTIPLY_BY              ; 0                               ; Untyped                   ;
; CLK8_MULTIPLY_BY              ; 0                               ; Untyped                   ;
; CLK7_MULTIPLY_BY              ; 0                               ; Untyped                   ;
; CLK6_MULTIPLY_BY              ; 0                               ; Untyped                   ;
; CLK5_MULTIPLY_BY              ; 1                               ; Untyped                   ;
; CLK4_MULTIPLY_BY              ; 1                               ; Untyped                   ;
; CLK3_MULTIPLY_BY              ; 1                               ; Untyped                   ;
; CLK2_MULTIPLY_BY              ; 1                               ; Untyped                   ;
; CLK1_MULTIPLY_BY              ; 1                               ; Untyped                   ;
; CLK0_MULTIPLY_BY              ; 151                             ; Signed Integer            ;
; CLK9_DIVIDE_BY                ; 0                               ; Untyped                   ;
; CLK8_DIVIDE_BY                ; 0                               ; Untyped                   ;
; CLK7_DIVIDE_BY                ; 0                               ; Untyped                   ;
; CLK6_DIVIDE_BY                ; 0                               ; Untyped                   ;
; CLK5_DIVIDE_BY                ; 1                               ; Untyped                   ;
; CLK4_DIVIDE_BY                ; 1                               ; Untyped                   ;
; CLK3_DIVIDE_BY                ; 1                               ; Untyped                   ;
; CLK2_DIVIDE_BY                ; 1                               ; Untyped                   ;
; CLK1_DIVIDE_BY                ; 1                               ; Untyped                   ;
; CLK0_DIVIDE_BY                ; 40                              ; Signed Integer            ;
; CLK9_PHASE_SHIFT              ; 0                               ; Untyped                   ;
; CLK8_PHASE_SHIFT              ; 0                               ; Untyped                   ;
; CLK7_PHASE_SHIFT              ; 0                               ; Untyped                   ;
; CLK6_PHASE_SHIFT              ; 0                               ; Untyped                   ;
; CLK5_PHASE_SHIFT              ; 0                               ; Untyped                   ;
; CLK4_PHASE_SHIFT              ; 0                               ; Untyped                   ;
; CLK3_PHASE_SHIFT              ; 0                               ; Untyped                   ;
; CLK2_PHASE_SHIFT              ; 0                               ; Untyped                   ;
; CLK1_PHASE_SHIFT              ; 0                               ; Untyped                   ;
; CLK0_PHASE_SHIFT              ; 0                               ; Untyped                   ;
; CLK5_TIME_DELAY               ; 0                               ; Untyped                   ;
; CLK4_TIME_DELAY               ; 0                               ; Untyped                   ;
; CLK3_TIME_DELAY               ; 0                               ; Untyped                   ;
; CLK2_TIME_DELAY               ; 0                               ; Untyped                   ;
; CLK1_TIME_DELAY               ; 0                               ; Untyped                   ;
; CLK0_TIME_DELAY               ; 0                               ; Untyped                   ;
; CLK9_DUTY_CYCLE               ; 50                              ; Untyped                   ;
; CLK8_DUTY_CYCLE               ; 50                              ; Untyped                   ;
; CLK7_DUTY_CYCLE               ; 50                              ; Untyped                   ;
; CLK6_DUTY_CYCLE               ; 50                              ; Untyped                   ;
; CLK5_DUTY_CYCLE               ; 50                              ; Untyped                   ;
; CLK4_DUTY_CYCLE               ; 50                              ; Untyped                   ;
; CLK3_DUTY_CYCLE               ; 50                              ; Untyped                   ;
; CLK2_DUTY_CYCLE               ; 50                              ; Untyped                   ;
; CLK1_DUTY_CYCLE               ; 50                              ; Untyped                   ;
; CLK0_DUTY_CYCLE               ; 50                              ; Signed Integer            ;
; CLK9_USE_EVEN_COUNTER_MODE    ; OFF                             ; Untyped                   ;
; CLK8_USE_EVEN_COUNTER_MODE    ; OFF                             ; Untyped                   ;
; CLK7_USE_EVEN_COUNTER_MODE    ; OFF                             ; Untyped                   ;
; CLK6_USE_EVEN_COUNTER_MODE    ; OFF                             ; Untyped                   ;
; CLK5_USE_EVEN_COUNTER_MODE    ; OFF                             ; Untyped                   ;
; CLK4_USE_EVEN_COUNTER_MODE    ; OFF                             ; Untyped                   ;
; CLK3_USE_EVEN_COUNTER_MODE    ; OFF                             ; Untyped                   ;
; CLK2_USE_EVEN_COUNTER_MODE    ; OFF                             ; Untyped                   ;
; CLK1_USE_EVEN_COUNTER_MODE    ; OFF                             ; Untyped                   ;
; CLK0_USE_EVEN_COUNTER_MODE    ; OFF                             ; Untyped                   ;
; CLK9_USE_EVEN_COUNTER_VALUE   ; OFF                             ; Untyped                   ;
; CLK8_USE_EVEN_COUNTER_VALUE   ; OFF                             ; Untyped                   ;
; CLK7_USE_EVEN_COUNTER_VALUE   ; OFF                             ; Untyped                   ;
; CLK6_USE_EVEN_COUNTER_VALUE   ; OFF                             ; Untyped                   ;
; CLK5_USE_EVEN_COUNTER_VALUE   ; OFF                             ; Untyped                   ;
; CLK4_USE_EVEN_COUNTER_VALUE   ; OFF                             ; Untyped                   ;
; CLK3_USE_EVEN_COUNTER_VALUE   ; OFF                             ; Untyped                   ;
; CLK2_USE_EVEN_COUNTER_VALUE   ; OFF                             ; Untyped                   ;
; CLK1_USE_EVEN_COUNTER_VALUE   ; OFF                             ; Untyped                   ;
; CLK0_USE_EVEN_COUNTER_VALUE   ; OFF                             ; Untyped                   ;
; LOCK_WINDOW_UI                ;  0.05                           ; Untyped                   ;
; LOCK_WINDOW_UI_BITS           ; UNUSED                          ; Untyped                   ;
; VCO_RANGE_DETECTOR_LOW_BITS   ; UNUSED                          ; Untyped                   ;
; VCO_RANGE_DETECTOR_HIGH_BITS  ; UNUSED                          ; Untyped                   ;
; DPA_MULTIPLY_BY               ; 0                               ; Untyped                   ;
; DPA_DIVIDE_BY                 ; 1                               ; Untyped                   ;
; DPA_DIVIDER                   ; 0                               ; Untyped                   ;
; EXTCLK3_MULTIPLY_BY           ; 1                               ; Untyped                   ;
; EXTCLK2_MULTIPLY_BY           ; 1                               ; Untyped                   ;
; EXTCLK1_MULTIPLY_BY           ; 1                               ; Untyped                   ;
; EXTCLK0_MULTIPLY_BY           ; 1                               ; Untyped                   ;
; EXTCLK3_DIVIDE_BY             ; 1                               ; Untyped                   ;
; EXTCLK2_DIVIDE_BY             ; 1                               ; Untyped                   ;
; EXTCLK1_DIVIDE_BY             ; 1                               ; Untyped                   ;
; EXTCLK0_DIVIDE_BY             ; 1                               ; Untyped                   ;
; EXTCLK3_PHASE_SHIFT           ; 0                               ; Untyped                   ;
; EXTCLK2_PHASE_SHIFT           ; 0                               ; Untyped                   ;
; EXTCLK1_PHASE_SHIFT           ; 0                               ; Untyped                   ;
; EXTCLK0_PHASE_SHIFT           ; 0                               ; Untyped                   ;
; EXTCLK3_TIME_DELAY            ; 0                               ; Untyped                   ;
; EXTCLK2_TIME_DELAY            ; 0                               ; Untyped                   ;
; EXTCLK1_TIME_DELAY            ; 0                               ; Untyped                   ;
; EXTCLK0_TIME_DELAY            ; 0                               ; Untyped                   ;
; EXTCLK3_DUTY_CYCLE            ; 50                              ; Untyped                   ;
; EXTCLK2_DUTY_CYCLE            ; 50                              ; Untyped                   ;
; EXTCLK1_DUTY_CYCLE            ; 50                              ; Untyped                   ;
; EXTCLK0_DUTY_CYCLE            ; 50                              ; Untyped                   ;
; VCO_MULTIPLY_BY               ; 0                               ; Untyped                   ;
; VCO_DIVIDE_BY                 ; 0                               ; Untyped                   ;
; SCLKOUT0_PHASE_SHIFT          ; 0                               ; Untyped                   ;
; SCLKOUT1_PHASE_SHIFT          ; 0                               ; Untyped                   ;
; VCO_MIN                       ; 0                               ; Untyped                   ;
; VCO_MAX                       ; 0                               ; Untyped                   ;
; VCO_CENTER                    ; 0                               ; Untyped                   ;
; PFD_MIN                       ; 0                               ; Untyped                   ;
; PFD_MAX                       ; 0                               ; Untyped                   ;
; M_INITIAL                     ; 0                               ; Untyped                   ;
; M                             ; 0                               ; Untyped                   ;
; N                             ; 1                               ; Untyped                   ;
; M2                            ; 1                               ; Untyped                   ;
; N2                            ; 1                               ; Untyped                   ;
; SS                            ; 1                               ; Untyped                   ;
; C0_HIGH                       ; 0                               ; Untyped                   ;
; C1_HIGH                       ; 0                               ; Untyped                   ;
; C2_HIGH                       ; 0                               ; Untyped                   ;
; C3_HIGH                       ; 0                               ; Untyped                   ;
; C4_HIGH                       ; 0                               ; Untyped                   ;
; C5_HIGH                       ; 0                               ; Untyped                   ;
; C6_HIGH                       ; 0                               ; Untyped                   ;
; C7_HIGH                       ; 0                               ; Untyped                   ;
; C8_HIGH                       ; 0                               ; Untyped                   ;
; C9_HIGH                       ; 0                               ; Untyped                   ;
; C0_LOW                        ; 0                               ; Untyped                   ;
; C1_LOW                        ; 0                               ; Untyped                   ;
; C2_LOW                        ; 0                               ; Untyped                   ;
; C3_LOW                        ; 0                               ; Untyped                   ;
; C4_LOW                        ; 0                               ; Untyped                   ;
; C5_LOW                        ; 0                               ; Untyped                   ;
; C6_LOW                        ; 0                               ; Untyped                   ;
; C7_LOW                        ; 0                               ; Untyped                   ;
; C8_LOW                        ; 0                               ; Untyped                   ;
; C9_LOW                        ; 0                               ; Untyped                   ;
; C0_INITIAL                    ; 0                               ; Untyped                   ;
; C1_INITIAL                    ; 0                               ; Untyped                   ;
; C2_INITIAL                    ; 0                               ; Untyped                   ;
; C3_INITIAL                    ; 0                               ; Untyped                   ;
; C4_INITIAL                    ; 0                               ; Untyped                   ;
; C5_INITIAL                    ; 0                               ; Untyped                   ;
; C6_INITIAL                    ; 0                               ; Untyped                   ;
; C7_INITIAL                    ; 0                               ; Untyped                   ;
; C8_INITIAL                    ; 0                               ; Untyped                   ;
; C9_INITIAL                    ; 0                               ; Untyped                   ;
; C0_MODE                       ; BYPASS                          ; Untyped                   ;
; C1_MODE                       ; BYPASS                          ; Untyped                   ;
; C2_MODE                       ; BYPASS                          ; Untyped                   ;
; C3_MODE                       ; BYPASS                          ; Untyped                   ;
; C4_MODE                       ; BYPASS                          ; Untyped                   ;
; C5_MODE                       ; BYPASS                          ; Untyped                   ;
; C6_MODE                       ; BYPASS                          ; Untyped                   ;
; C7_MODE                       ; BYPASS                          ; Untyped                   ;
; C8_MODE                       ; BYPASS                          ; Untyped                   ;
; C9_MODE                       ; BYPASS                          ; Untyped                   ;
; C0_PH                         ; 0                               ; Untyped                   ;
; C1_PH                         ; 0                               ; Untyped                   ;
; C2_PH                         ; 0                               ; Untyped                   ;
; C3_PH                         ; 0                               ; Untyped                   ;
; C4_PH                         ; 0                               ; Untyped                   ;
; C5_PH                         ; 0                               ; Untyped                   ;
; C6_PH                         ; 0                               ; Untyped                   ;
; C7_PH                         ; 0                               ; Untyped                   ;
; C8_PH                         ; 0                               ; Untyped                   ;
; C9_PH                         ; 0                               ; Untyped                   ;
; L0_HIGH                       ; 1                               ; Untyped                   ;
; L1_HIGH                       ; 1                               ; Untyped                   ;
; G0_HIGH                       ; 1                               ; Untyped                   ;
; G1_HIGH                       ; 1                               ; Untyped                   ;
; G2_HIGH                       ; 1                               ; Untyped                   ;
; G3_HIGH                       ; 1                               ; Untyped                   ;
; E0_HIGH                       ; 1                               ; Untyped                   ;
; E1_HIGH                       ; 1                               ; Untyped                   ;
; E2_HIGH                       ; 1                               ; Untyped                   ;
; E3_HIGH                       ; 1                               ; Untyped                   ;
; L0_LOW                        ; 1                               ; Untyped                   ;
; L1_LOW                        ; 1                               ; Untyped                   ;
; G0_LOW                        ; 1                               ; Untyped                   ;
; G1_LOW                        ; 1                               ; Untyped                   ;
; G2_LOW                        ; 1                               ; Untyped                   ;
; G3_LOW                        ; 1                               ; Untyped                   ;
; E0_LOW                        ; 1                               ; Untyped                   ;
; E1_LOW                        ; 1                               ; Untyped                   ;
; E2_LOW                        ; 1                               ; Untyped                   ;
; E3_LOW                        ; 1                               ; Untyped                   ;
; L0_INITIAL                    ; 1                               ; Untyped                   ;
; L1_INITIAL                    ; 1                               ; Untyped                   ;
; G0_INITIAL                    ; 1                               ; Untyped                   ;
; G1_INITIAL                    ; 1                               ; Untyped                   ;
; G2_INITIAL                    ; 1                               ; Untyped                   ;
; G3_INITIAL                    ; 1                               ; Untyped                   ;
; E0_INITIAL                    ; 1                               ; Untyped                   ;
; E1_INITIAL                    ; 1                               ; Untyped                   ;
; E2_INITIAL                    ; 1                               ; Untyped                   ;
; E3_INITIAL                    ; 1                               ; Untyped                   ;
; L0_MODE                       ; BYPASS                          ; Untyped                   ;
; L1_MODE                       ; BYPASS                          ; Untyped                   ;
; G0_MODE                       ; BYPASS                          ; Untyped                   ;
; G1_MODE                       ; BYPASS                          ; Untyped                   ;
; G2_MODE                       ; BYPASS                          ; Untyped                   ;
; G3_MODE                       ; BYPASS                          ; Untyped                   ;
; E0_MODE                       ; BYPASS                          ; Untyped                   ;
; E1_MODE                       ; BYPASS                          ; Untyped                   ;
; E2_MODE                       ; BYPASS                          ; Untyped                   ;
; E3_MODE                       ; BYPASS                          ; Untyped                   ;
; L0_PH                         ; 0                               ; Untyped                   ;
; L1_PH                         ; 0                               ; Untyped                   ;
; G0_PH                         ; 0                               ; Untyped                   ;
; G1_PH                         ; 0                               ; Untyped                   ;
; G2_PH                         ; 0                               ; Untyped                   ;
; G3_PH                         ; 0                               ; Untyped                   ;
; E0_PH                         ; 0                               ; Untyped                   ;
; E1_PH                         ; 0                               ; Untyped                   ;
; E2_PH                         ; 0                               ; Untyped                   ;
; E3_PH                         ; 0                               ; Untyped                   ;
; M_PH                          ; 0                               ; Untyped                   ;
; C1_USE_CASC_IN                ; OFF                             ; Untyped                   ;
; C2_USE_CASC_IN                ; OFF                             ; Untyped                   ;
; C3_USE_CASC_IN                ; OFF                             ; Untyped                   ;
; C4_USE_CASC_IN                ; OFF                             ; Untyped                   ;
; C5_USE_CASC_IN                ; OFF                             ; Untyped                   ;
; C6_USE_CASC_IN                ; OFF                             ; Untyped                   ;
; C7_USE_CASC_IN                ; OFF                             ; Untyped                   ;
; C8_USE_CASC_IN                ; OFF                             ; Untyped                   ;
; C9_USE_CASC_IN                ; OFF                             ; Untyped                   ;
; CLK0_COUNTER                  ; G0                              ; Untyped                   ;
; CLK1_COUNTER                  ; G0                              ; Untyped                   ;
; CLK2_COUNTER                  ; G0                              ; Untyped                   ;
; CLK3_COUNTER                  ; G0                              ; Untyped                   ;
; CLK4_COUNTER                  ; G0                              ; Untyped                   ;
; CLK5_COUNTER                  ; G0                              ; Untyped                   ;
; CLK6_COUNTER                  ; E0                              ; Untyped                   ;
; CLK7_COUNTER                  ; E1                              ; Untyped                   ;
; CLK8_COUNTER                  ; E2                              ; Untyped                   ;
; CLK9_COUNTER                  ; E3                              ; Untyped                   ;
; L0_TIME_DELAY                 ; 0                               ; Untyped                   ;
; L1_TIME_DELAY                 ; 0                               ; Untyped                   ;
; G0_TIME_DELAY                 ; 0                               ; Untyped                   ;
; G1_TIME_DELAY                 ; 0                               ; Untyped                   ;
; G2_TIME_DELAY                 ; 0                               ; Untyped                   ;
; G3_TIME_DELAY                 ; 0                               ; Untyped                   ;
; E0_TIME_DELAY                 ; 0                               ; Untyped                   ;
; E1_TIME_DELAY                 ; 0                               ; Untyped                   ;
; E2_TIME_DELAY                 ; 0                               ; Untyped                   ;
; E3_TIME_DELAY                 ; 0                               ; Untyped                   ;
; M_TIME_DELAY                  ; 0                               ; Untyped                   ;
; N_TIME_DELAY                  ; 0                               ; Untyped                   ;
; EXTCLK3_COUNTER               ; E3                              ; Untyped                   ;
; EXTCLK2_COUNTER               ; E2                              ; Untyped                   ;
; EXTCLK1_COUNTER               ; E1                              ; Untyped                   ;
; EXTCLK0_COUNTER               ; E0                              ; Untyped                   ;
; ENABLE0_COUNTER               ; L0                              ; Untyped                   ;
; ENABLE1_COUNTER               ; L0                              ; Untyped                   ;
; CHARGE_PUMP_CURRENT           ; 2                               ; Untyped                   ;
; LOOP_FILTER_R                 ;  1.000000                       ; Untyped                   ;
; LOOP_FILTER_C                 ; 5                               ; Untyped                   ;
; CHARGE_PUMP_CURRENT_BITS      ; 9999                            ; Untyped                   ;
; LOOP_FILTER_R_BITS            ; 9999                            ; Untyped                   ;
; LOOP_FILTER_C_BITS            ; 9999                            ; Untyped                   ;
; VCO_POST_SCALE                ; 0                               ; Untyped                   ;
; CLK2_OUTPUT_FREQUENCY         ; 0                               ; Untyped                   ;
; CLK1_OUTPUT_FREQUENCY         ; 0                               ; Untyped                   ;
; CLK0_OUTPUT_FREQUENCY         ; 0                               ; Untyped                   ;
; INTENDED_DEVICE_FAMILY        ; MAX 10                          ; Untyped                   ;
; PORT_CLKENA0                  ; PORT_CONNECTIVITY               ; Untyped                   ;
; PORT_CLKENA1                  ; PORT_CONNECTIVITY               ; Untyped                   ;
; PORT_CLKENA2                  ; PORT_CONNECTIVITY               ; Untyped                   ;
; PORT_CLKENA3                  ; PORT_CONNECTIVITY               ; Untyped                   ;
; PORT_CLKENA4                  ; PORT_CONNECTIVITY               ; Untyped                   ;
; PORT_CLKENA5                  ; PORT_CONNECTIVITY               ; Untyped                   ;
; PORT_EXTCLKENA0               ; PORT_CONNECTIVITY               ; Untyped                   ;
; PORT_EXTCLKENA1               ; PORT_CONNECTIVITY               ; Untyped                   ;
; PORT_EXTCLKENA2               ; PORT_CONNECTIVITY               ; Untyped                   ;
; PORT_EXTCLKENA3               ; PORT_CONNECTIVITY               ; Untyped                   ;
; PORT_EXTCLK0                  ; PORT_CONNECTIVITY               ; Untyped                   ;
; PORT_EXTCLK1                  ; PORT_CONNECTIVITY               ; Untyped                   ;
; PORT_EXTCLK2                  ; PORT_CONNECTIVITY               ; Untyped                   ;
; PORT_EXTCLK3                  ; PORT_CONNECTIVITY               ; Untyped                   ;
; PORT_CLKBAD0                  ; PORT_UNUSED                     ; Untyped                   ;
; PORT_CLKBAD1                  ; PORT_UNUSED                     ; Untyped                   ;
; PORT_CLK0                     ; PORT_USED                       ; Untyped                   ;
; PORT_CLK1                     ; PORT_UNUSED                     ; Untyped                   ;
; PORT_CLK2                     ; PORT_UNUSED                     ; Untyped                   ;
; PORT_CLK3                     ; PORT_UNUSED                     ; Untyped                   ;
; PORT_CLK4                     ; PORT_UNUSED                     ; Untyped                   ;
; PORT_CLK5                     ; PORT_UNUSED                     ; Untyped                   ;
; PORT_CLK6                     ; PORT_UNUSED                     ; Untyped                   ;
; PORT_CLK7                     ; PORT_UNUSED                     ; Untyped                   ;
; PORT_CLK8                     ; PORT_UNUSED                     ; Untyped                   ;
; PORT_CLK9                     ; PORT_UNUSED                     ; Untyped                   ;
; PORT_SCANDATA                 ; PORT_UNUSED                     ; Untyped                   ;
; PORT_SCANDATAOUT              ; PORT_UNUSED                     ; Untyped                   ;
; PORT_SCANDONE                 ; PORT_UNUSED                     ; Untyped                   ;
; PORT_SCLKOUT1                 ; PORT_CONNECTIVITY               ; Untyped                   ;
; PORT_SCLKOUT0                 ; PORT_CONNECTIVITY               ; Untyped                   ;
; PORT_ACTIVECLOCK              ; PORT_UNUSED                     ; Untyped                   ;
; PORT_CLKLOSS                  ; PORT_UNUSED                     ; Untyped                   ;
; PORT_INCLK1                   ; PORT_UNUSED                     ; Untyped                   ;
; PORT_INCLK0                   ; PORT_USED                       ; Untyped                   ;
; PORT_FBIN                     ; PORT_UNUSED                     ; Untyped                   ;
; PORT_PLLENA                   ; PORT_UNUSED                     ; Untyped                   ;
; PORT_CLKSWITCH                ; PORT_UNUSED                     ; Untyped                   ;
; PORT_ARESET                   ; PORT_UNUSED                     ; Untyped                   ;
; PORT_PFDENA                   ; PORT_UNUSED                     ; Untyped                   ;
; PORT_SCANCLK                  ; PORT_UNUSED                     ; Untyped                   ;
; PORT_SCANACLR                 ; PORT_UNUSED                     ; Untyped                   ;
; PORT_SCANREAD                 ; PORT_UNUSED                     ; Untyped                   ;
; PORT_SCANWRITE                ; PORT_UNUSED                     ; Untyped                   ;
; PORT_ENABLE0                  ; PORT_CONNECTIVITY               ; Untyped                   ;
; PORT_ENABLE1                  ; PORT_CONNECTIVITY               ; Untyped                   ;
; PORT_LOCKED                   ; PORT_USED                       ; Untyped                   ;
; PORT_CONFIGUPDATE             ; PORT_UNUSED                     ; Untyped                   ;
; PORT_FBOUT                    ; PORT_CONNECTIVITY               ; Untyped                   ;
; PORT_PHASEDONE                ; PORT_UNUSED                     ; Untyped                   ;
; PORT_PHASESTEP                ; PORT_UNUSED                     ; Untyped                   ;
; PORT_PHASEUPDOWN              ; PORT_UNUSED                     ; Untyped                   ;
; PORT_SCANCLKENA               ; PORT_UNUSED                     ; Untyped                   ;
; PORT_PHASECOUNTERSELECT       ; PORT_UNUSED                     ; Untyped                   ;
; PORT_VCOOVERRANGE             ; PORT_CONNECTIVITY               ; Untyped                   ;
; PORT_VCOUNDERRANGE            ; PORT_CONNECTIVITY               ; Untyped                   ;
; M_TEST_SOURCE                 ; 5                               ; Untyped                   ;
; C0_TEST_SOURCE                ; 5                               ; Untyped                   ;
; C1_TEST_SOURCE                ; 5                               ; Untyped                   ;
; C2_TEST_SOURCE                ; 5                               ; Untyped                   ;
; C3_TEST_SOURCE                ; 5                               ; Untyped                   ;
; C4_TEST_SOURCE                ; 5                               ; Untyped                   ;
; C5_TEST_SOURCE                ; 5                               ; Untyped                   ;
; C6_TEST_SOURCE                ; 5                               ; Untyped                   ;
; C7_TEST_SOURCE                ; 5                               ; Untyped                   ;
; C8_TEST_SOURCE                ; 5                               ; Untyped                   ;
; C9_TEST_SOURCE                ; 5                               ; Untyped                   ;
; CBXI_PARAMETER                ; challenge_pll_altpll            ; Untyped                   ;
; VCO_FREQUENCY_CONTROL         ; AUTO                            ; Untyped                   ;
; VCO_PHASE_SHIFT_STEP          ; 0                               ; Untyped                   ;
; WIDTH_CLOCK                   ; 6                               ; Signed Integer            ;
; WIDTH_PHASECOUNTERSELECT      ; 4                               ; Untyped                   ;
; USING_FBMIMICBIDIR_PORT       ; OFF                             ; Untyped                   ;
; DEVICE_FAMILY                 ; MAX 10                          ; Untyped                   ;
; SCAN_CHAIN_MIF_FILE           ; UNUSED                          ; Untyped                   ;
; SIM_GATE_LOCK_DEVICE_BEHAVIOR ; OFF                             ; Untyped                   ;
; AUTO_CARRY_CHAINS             ; ON                              ; AUTO_CARRY                ;
; IGNORE_CARRY_BUFFERS          ; OFF                             ; IGNORE_CARRY              ;
; AUTO_CASCADE_CHAINS           ; ON                              ; AUTO_CASCADE              ;
; IGNORE_CASCADE_BUFFERS        ; OFF                             ; IGNORE_CASCADE            ;
+-------------------------------+---------------------------------+---------------------------+
Note: In order to hide this table in the UI and the text report file, please set the "Show Parameter Settings in Synthesis Report" option in "Analysis and Synthesis Settings -> More Settings" to "Off".


+---------------------------------------------------------------+
; Parameter Settings for User Entity Instance: rom_8x4096:rom_a ;
+----------------+---------------+------------------------------+
; Parameter Name ; Value         ; Type                         ;
+----------------+---------------+------------------------------+
; INIT_FILE      ; mem/mem_a.hex ; String                       ;
+----------------+---------------+------------------------------+
Note: In order to hide this table in the UI and the text report file, please set the "Show Parameter Settings in Synthesis Report" option in "Analysis and Synthesis Settings -> More Settings" to "Off".


+---------------------------------------------------------------+
; Parameter Settings for User Entity Instance: rom_8x4096:rom_b ;
+----------------+---------------+------------------------------+
; Parameter Name ; Value         ; Type                         ;
+----------------+---------------+------------------------------+
; INIT_FILE      ; mem/mem_b.hex ; String                       ;
+----------------+---------------+------------------------------+
Note: In order to hide this table in the UI and the text report file, please set the "Show Parameter Settings in Synthesis Report" option in "Analysis and Synthesis Settings -> More Settings" to "Off".


+-----------------------------------------------------------------+
; Parameter Settings for User Entity Instance: rom_8x4096:rom_exp ;
+----------------+----------------------+-------------------------+
; Parameter Name ; Value                ; Type                    ;
+----------------+----------------------+-------------------------+
; INIT_FILE      ; mem/mem_expected.hex ; String                  ;
+----------------+----------------------+-------------------------+
Note: In order to hide this table in the UI and the text report file, please set the "Show Parameter Settings in Synthesis Report" option in "Analysis and Synthesis Settings -> More Settings" to "Off".


+--------------------------------------------------------------------------------+
; altpll Parameter Settings by Entity Instance                                   ;
+-------------------------------+------------------------------------------------+
; Name                          ; Value                                          ;
+-------------------------------+------------------------------------------------+
; Number of entity instances    ; 1                                              ;
; Entity Instance               ; challenge_pll:user_pll|altpll:altpll_component ;
;     -- OPERATION_MODE         ; NORMAL                                         ;
;     -- PLL_TYPE               ; AUTO                                           ;
;     -- PRIMARY_CLOCK          ; INCLK0                                         ;
;     -- INCLK0_INPUT_FREQUENCY ; 20000                                          ;
;     -- INCLK1_INPUT_FREQUENCY ; 0                                              ;
;     -- VCO_MULTIPLY_BY        ; 0                                              ;
;     -- VCO_DIVIDE_BY          ; 0                                              ;
+-------------------------------+------------------------------------------------+


+----------------------------------------------------------------------------------------------------------------------------+
; Port Connectivity Checks: "test_controller:tc"                                                                             ;
+------------------+--------+----------+-------------------------------------------------------------------------------------+
; Port             ; Type   ; Severity ; Details                                                                             ;
+------------------+--------+----------+-------------------------------------------------------------------------------------+
; cycle_count      ; Output ; Info     ; Connected to dangling logic. Logic that only feeds a dangling port will be removed. ;
; pass_count       ; Output ; Info     ; Connected to dangling logic. Logic that only feeds a dangling port will be removed. ;
; test_index[8..0] ; Output ; Info     ; Connected to dangling logic. Logic that only feeds a dangling port will be removed. ;
+------------------+--------+----------+-------------------------------------------------------------------------------------+


+-----------------------------------------------------+
; Post-Synthesis Netlist Statistics for Top Partition ;
+-----------------------+-----------------------------+
; Type                  ; Count                       ;
+-----------------------+-----------------------------+
; boundary_port         ; 65                          ;
; cycloneiii_ff         ; 140                         ;
;     CLR               ; 17                          ;
;     ENA CLR           ; 70                          ;
;     ENA CLR SCLR      ; 29                          ;
;     plain             ; 24                          ;
; cycloneiii_lcell_comb ; 14399                       ;
;     arith             ; 26                          ;
;         2 data inputs ; 26                          ;
;     normal            ; 14373                       ;
;         0 data inputs ; 1                           ;
;         1 data inputs ; 14                          ;
;         2 data inputs ; 224                         ;
;         3 data inputs ; 780                         ;
;         4 data inputs ; 13354                       ;
; cycloneiii_pll        ; 1                           ;
;                       ;                             ;
; Max LUT depth         ; 13.00                       ;
; Average LUT depth     ; 8.11                        ;
+-----------------------+-----------------------------+


+-------------------------------+
; Elapsed Time Per Partition    ;
+----------------+--------------+
; Partition Name ; Elapsed Time ;
+----------------+--------------+
; Top            ; 00:02:46     ;
+----------------+--------------+


+-------------------------------+
; Analysis & Synthesis Messages ;
+-------------------------------+
Info: *******************************************************************
Info: Running Quartus Prime Analysis & Synthesis
    Info: Version 17.1.0 Build 590 10/25/2017 SJ Lite Edition
    Info: Processing started: Fri Jun 05 02:10:19 2026
Info: Command: quartus_map --read_settings_files=on --write_settings_files=off fp8_adder -c fp8_adder
Info (20030): Parallel compilation is enabled and will use 10 of the 10 processors detected
Info (12021): Found 1 design units, including 1 entities, in source file src/fp8_top.v
    Info (12023): Found entity 1: fp8_top File: C:/Users/rotem/Documents/Technion/TechCrash2026 Hackathon/TechCrash2026/challenges/challenge_07/fpga/src/fp8_top.v Line: 25
Info (12021): Found 1 design units, including 1 entities, in source file src/challenge_pll.v
    Info (12023): Found entity 1: challenge_pll File: C:/Users/rotem/Documents/Technion/TechCrash2026 Hackathon/TechCrash2026/challenges/challenge_07/fpga/src/challenge_pll.v Line: 21
Info (12021): Found 1 design units, including 1 entities, in source file src/fp8_adder.v
    Info (12023): Found entity 1: fp8_adder File: C:/Users/rotem/Documents/Technion/TechCrash2026 Hackathon/TechCrash2026/challenges/challenge_07/fpga/src/fp8_adder.v Line: 12
Warning (10229): Verilog HDL Expression warning at test_controller.v(43): truncated literal to match 12 bits File: C:/Users/rotem/Documents/Technion/TechCrash2026 Hackathon/TechCrash2026/challenges/challenge_07/fpga/src/test_controller.v Line: 43
Info (12021): Found 1 design units, including 1 entities, in source file src/test_controller.v
    Info (12023): Found entity 1: test_controller File: C:/Users/rotem/Documents/Technion/TechCrash2026 Hackathon/TechCrash2026/challenges/challenge_07/fpga/src/test_controller.v Line: 15
Info (12021): Found 1 design units, including 1 entities, in source file src/seg7_hex.v
    Info (12023): Found entity 1: seg7_hex File: C:/Users/rotem/Documents/Technion/TechCrash2026 Hackathon/TechCrash2026/challenges/challenge_07/fpga/src/seg7_hex.v Line: 10
Info (12021): Found 1 design units, including 1 entities, in source file src/rom_8x4096.v
    Info (12023): Found entity 1: rom_8x4096 File: C:/Users/rotem/Documents/Technion/TechCrash2026 Hackathon/TechCrash2026/challenges/challenge_07/fpga/src/rom_8x4096.v Line: 9
Info (12127): Elaborating entity "fp8_top" for the top level hierarchy
Info (12128): Elaborating entity "challenge_pll" for hierarchy "challenge_pll:user_pll" File: C:/Users/rotem/Documents/Technion/TechCrash2026 Hackathon/TechCrash2026/challenges/challenge_07/fpga/src/fp8_top.v Line: 53
Info (12128): Elaborating entity "altpll" for hierarchy "challenge_pll:user_pll|altpll:altpll_component" File: C:/Users/rotem/Documents/Technion/TechCrash2026 Hackathon/TechCrash2026/challenges/challenge_07/fpga/src/challenge_pll.v Line: 73
Info (12130): Elaborated megafunction instantiation "challenge_pll:user_pll|altpll:altpll_component" File: C:/Users/rotem/Documents/Technion/TechCrash2026 Hackathon/TechCrash2026/challenges/challenge_07/fpga/src/challenge_pll.v Line: 73
Info (12133): Instantiated megafunction "challenge_pll:user_pll|altpll:altpll_component" with the following parameter: File: C:/Users/rotem/Documents/Technion/TechCrash2026 Hackathon/TechCrash2026/challenges/challenge_07/fpga/src/challenge_pll.v Line: 73
    Info (12134): Parameter "bandwidth_type" = "AUTO"
    Info (12134): Parameter "clk0_divide_by" = "40"
    Info (12134): Parameter "clk0_duty_cycle" = "50"
    Info (12134): Parameter "clk0_multiply_by" = "151"
    Info (12134): Parameter "clk0_phase_shift" = "0"
    Info (12134): Parameter "compensate_clock" = "CLK0"
    Info (12134): Parameter "inclk0_input_frequency" = "20000"
    Info (12134): Parameter "intended_device_family" = "MAX 10"
    Info (12134): Parameter "lpm_hint" = "CBX_MODULE_PREFIX=challenge_pll"
    Info (12134): Parameter "lpm_type" = "altpll"
    Info (12134): Parameter "operation_mode" = "NORMAL"
    Info (12134): Parameter "pll_type" = "AUTO"
    Info (12134): Parameter "port_activeclock" = "PORT_UNUSED"
    Info (12134): Parameter "port_areset" = "PORT_UNUSED"
    Info (12134): Parameter "port_clkbad0" = "PORT_UNUSED"
    Info (12134): Parameter "port_clkbad1" = "PORT_UNUSED"
    Info (12134): Parameter "port_clkloss" = "PORT_UNUSED"
    Info (12134): Parameter "port_clkswitch" = "PORT_UNUSED"
    Info (12134): Parameter "port_configupdate" = "PORT_UNUSED"
    Info (12134): Parameter "port_fbin" = "PORT_UNUSED"
    Info (12134): Parameter "port_inclk0" = "PORT_USED"
    Info (12134): Parameter "port_inclk1" = "PORT_UNUSED"
    Info (12134): Parameter "port_locked" = "PORT_USED"
    Info (12134): Parameter "port_pfdena" = "PORT_UNUSED"
    Info (12134): Parameter "port_phasecounterselect" = "PORT_UNUSED"
    Info (12134): Parameter "port_phasedone" = "PORT_UNUSED"
    Info (12134): Parameter "port_phasestep" = "PORT_UNUSED"
    Info (12134): Parameter "port_phaseupdown" = "PORT_UNUSED"
    Info (12134): Parameter "port_pllena" = "PORT_UNUSED"
    Info (12134): Parameter "port_scanaclr" = "PORT_UNUSED"
    Info (12134): Parameter "port_scanclk" = "PORT_UNUSED"
    Info (12134): Parameter "port_scanclkena" = "PORT_UNUSED"
    Info (12134): Parameter "port_scandata" = "PORT_UNUSED"
    Info (12134): Parameter "port_scandataout" = "PORT_UNUSED"
    Info (12134): Parameter "port_scandone" = "PORT_UNUSED"
    Info (12134): Parameter "port_scanread" = "PORT_UNUSED"
    Info (12134): Parameter "port_scanwrite" = "PORT_UNUSED"
    Info (12134): Parameter "port_clk0" = "PORT_USED"
    Info (12134): Parameter "port_clk1" = "PORT_UNUSED"
    Info (12134): Parameter "port_clk2" = "PORT_UNUSED"
    Info (12134): Parameter "port_clk3" = "PORT_UNUSED"
    Info (12134): Parameter "port_clk4" = "PORT_UNUSED"
    Info (12134): Parameter "port_clk5" = "PORT_UNUSED"
    Info (12134): Parameter "width_clock" = "6"
Info (12021): Found 1 design units, including 1 entities, in source file db/challenge_pll_altpll.v
    Info (12023): Found entity 1: challenge_pll_altpll File: C:/Users/rotem/Documents/Technion/TechCrash2026 Hackathon/TechCrash2026/challenges/challenge_07/fpga/db/challenge_pll_altpll.v Line: 29
Info (12128): Elaborating entity "challenge_pll_altpll" for hierarchy "challenge_pll:user_pll|altpll:altpll_component|challenge_pll_altpll:auto_generated" File: c:/intelfpga_lite/17.1/quartus/libraries/megafunctions/altpll.tdf Line: 897
Info (12128): Elaborating entity "rom_8x4096" for hierarchy "rom_8x4096:rom_a" File: C:/Users/rotem/Documents/Technion/TechCrash2026 Hackathon/TechCrash2026/challenges/challenge_07/fpga/src/fp8_top.v Line: 77
Warning (10030): Net "mem.data_a" at rom_8x4096.v(17) has no driver or initial value, using a default initial value '0' File: C:/Users/rotem/Documents/Technion/TechCrash2026 Hackathon/TechCrash2026/challenges/challenge_07/fpga/src/rom_8x4096.v Line: 17
Warning (10030): Net "mem.waddr_a" at rom_8x4096.v(17) has no driver or initial value, using a default initial value '0' File: C:/Users/rotem/Documents/Technion/TechCrash2026 Hackathon/TechCrash2026/challenges/challenge_07/fpga/src/rom_8x4096.v Line: 17
Warning (10030): Net "mem.we_a" at rom_8x4096.v(17) has no driver or initial value, using a default initial value '0' File: C:/Users/rotem/Documents/Technion/TechCrash2026 Hackathon/TechCrash2026/challenges/challenge_07/fpga/src/rom_8x4096.v Line: 17
Info (12128): Elaborating entity "rom_8x4096" for hierarchy "rom_8x4096:rom_b" File: C:/Users/rotem/Documents/Technion/TechCrash2026 Hackathon/TechCrash2026/challenges/challenge_07/fpga/src/fp8_top.v Line: 83
Warning (10030): Net "mem.data_a" at rom_8x4096.v(17) has no driver or initial value, using a default initial value '0' File: C:/Users/rotem/Documents/Technion/TechCrash2026 Hackathon/TechCrash2026/challenges/challenge_07/fpga/src/rom_8x4096.v Line: 17
Warning (10030): Net "mem.waddr_a" at rom_8x4096.v(17) has no driver or initial value, using a default initial value '0' File: C:/Users/rotem/Documents/Technion/TechCrash2026 Hackathon/TechCrash2026/challenges/challenge_07/fpga/src/rom_8x4096.v Line: 17
Warning (10030): Net "mem.we_a" at rom_8x4096.v(17) has no driver or initial value, using a default initial value '0' File: C:/Users/rotem/Documents/Technion/TechCrash2026 Hackathon/TechCrash2026/challenges/challenge_07/fpga/src/rom_8x4096.v Line: 17
Info (12128): Elaborating entity "rom_8x4096" for hierarchy "rom_8x4096:rom_exp" File: C:/Users/rotem/Documents/Technion/TechCrash2026 Hackathon/TechCrash2026/challenges/challenge_07/fpga/src/fp8_top.v Line: 89
Warning (10030): Net "mem.data_a" at rom_8x4096.v(17) has no driver or initial value, using a default initial value '0' File: C:/Users/rotem/Documents/Technion/TechCrash2026 Hackathon/TechCrash2026/challenges/challenge_07/fpga/src/rom_8x4096.v Line: 17
Warning (10030): Net "mem.waddr_a" at rom_8x4096.v(17) has no driver or initial value, using a default initial value '0' File: C:/Users/rotem/Documents/Technion/TechCrash2026 Hackathon/TechCrash2026/challenges/challenge_07/fpga/src/rom_8x4096.v Line: 17
Warning (10030): Net "mem.we_a" at rom_8x4096.v(17) has no driver or initial value, using a default initial value '0' File: C:/Users/rotem/Documents/Technion/TechCrash2026 Hackathon/TechCrash2026/challenges/challenge_07/fpga/src/rom_8x4096.v Line: 17
Info (12128): Elaborating entity "fp8_adder" for hierarchy "fp8_adder:dut" File: C:/Users/rotem/Documents/Technion/TechCrash2026 Hackathon/TechCrash2026/challenges/challenge_07/fpga/src/fp8_top.v Line: 104
Warning (10030): Net "lut.data_a" at fp8_adder.v(23) has no driver or initial value, using a default initial value '0' File: C:/Users/rotem/Documents/Technion/TechCrash2026 Hackathon/TechCrash2026/challenges/challenge_07/fpga/src/fp8_adder.v Line: 23
Warning (10030): Net "lut.waddr_a" at fp8_adder.v(23) has no driver or initial value, using a default initial value '0' File: C:/Users/rotem/Documents/Technion/TechCrash2026 Hackathon/TechCrash2026/challenges/challenge_07/fpga/src/fp8_adder.v Line: 23
Warning (10030): Net "lut.we_a" at fp8_adder.v(23) has no driver or initial value, using a default initial value '0' File: C:/Users/rotem/Documents/Technion/TechCrash2026 Hackathon/TechCrash2026/challenges/challenge_07/fpga/src/fp8_adder.v Line: 23
Info (12128): Elaborating entity "test_controller" for hierarchy "test_controller:tc" File: C:/Users/rotem/Documents/Technion/TechCrash2026 Hackathon/TechCrash2026/challenges/challenge_07/fpga/src/fp8_top.v Line: 131
Info (12128): Elaborating entity "seg7_hex" for hierarchy "seg7_hex:s5" File: C:/Users/rotem/Documents/Technion/TechCrash2026 Hackathon/TechCrash2026/challenges/challenge_07/fpga/src/fp8_top.v Line: 227
Info (276014): Found 4 instances of uninferred RAM logic
    Info (276013): RAM logic "fp8_adder:dut|lut" is uninferred because MIF is not supported for the selected family File: C:/Users/rotem/Documents/Technion/TechCrash2026 Hackathon/TechCrash2026/challenges/challenge_07/fpga/src/fp8_adder.v Line: 23
    Info (276013): RAM logic "rom_8x4096:rom_exp|mem" is uninferred because MIF is not supported for the selected family File: C:/Users/rotem/Documents/Technion/TechCrash2026 Hackathon/TechCrash2026/challenges/challenge_07/fpga/src/rom_8x4096.v Line: 17
    Info (276013): RAM logic "rom_8x4096:rom_b|mem" is uninferred because MIF is not supported for the selected family File: C:/Users/rotem/Documents/Technion/TechCrash2026 Hackathon/TechCrash2026/challenges/challenge_07/fpga/src/rom_8x4096.v Line: 17
    Info (276013): RAM logic "rom_8x4096:rom_a|mem" is uninferred because MIF is not supported for the selected family File: C:/Users/rotem/Documents/Technion/TechCrash2026 Hackathon/TechCrash2026/challenges/challenge_07/fpga/src/rom_8x4096.v Line: 17
Info (13000): Registers with preset signals will power-up high File: C:/Users/rotem/Documents/Technion/TechCrash2026 Hackathon/TechCrash2026/challenges/challenge_07/fpga/src/fp8_top.v Line: 56
Info (13003): DEV_CLRn pin will set, and not reset, register with preset signal due to NOT Gate Push-Back
Warning (13024): Output pins are stuck at VCC or GND
    Warning (13410): Pin "LEDR[9]" is stuck at GND File: C:/Users/rotem/Documents/Technion/TechCrash2026 Hackathon/TechCrash2026/challenges/challenge_07/fpga/src/fp8_top.v Line: 29
Info (286030): Timing-Driven Synthesis is running
Info (17049): 3 registers lost all their fanouts during netlist optimizations.
Info (16010): Generating hard_block partition "hard_block:auto_generated_inst"
    Info (16011): Adding 1 node(s), including 0 DDIO, 1 PLL, 0 transceiver and 0 LCELL
Warning (21074): Design contains 10 input pin(s) that do not drive logic
    Warning (15610): No output dependent on input pin "SW[0]" File: C:/Users/rotem/Documents/Technion/TechCrash2026 Hackathon/TechCrash2026/challenges/challenge_07/fpga/src/fp8_top.v Line: 28
    Warning (15610): No output dependent on input pin "SW[1]" File: C:/Users/rotem/Documents/Technion/TechCrash2026 Hackathon/TechCrash2026/challenges/challenge_07/fpga/src/fp8_top.v Line: 28
    Warning (15610): No output dependent on input pin "SW[2]" File: C:/Users/rotem/Documents/Technion/TechCrash2026 Hackathon/TechCrash2026/challenges/challenge_07/fpga/src/fp8_top.v Line: 28
    Warning (15610): No output dependent on input pin "SW[3]" File: C:/Users/rotem/Documents/Technion/TechCrash2026 Hackathon/TechCrash2026/challenges/challenge_07/fpga/src/fp8_top.v Line: 28
    Warning (15610): No output dependent on input pin "SW[4]" File: C:/Users/rotem/Documents/Technion/TechCrash2026 Hackathon/TechCrash2026/challenges/challenge_07/fpga/src/fp8_top.v Line: 28
    Warning (15610): No output dependent on input pin "SW[5]" File: C:/Users/rotem/Documents/Technion/TechCrash2026 Hackathon/TechCrash2026/challenges/challenge_07/fpga/src/fp8_top.v Line: 28
    Warning (15610): No output dependent on input pin "SW[6]" File: C:/Users/rotem/Documents/Technion/TechCrash2026 Hackathon/TechCrash2026/challenges/challenge_07/fpga/src/fp8_top.v Line: 28
    Warning (15610): No output dependent on input pin "SW[7]" File: C:/Users/rotem/Documents/Technion/TechCrash2026 Hackathon/TechCrash2026/challenges/challenge_07/fpga/src/fp8_top.v Line: 28
    Warning (15610): No output dependent on input pin "SW[8]" File: C:/Users/rotem/Documents/Technion/TechCrash2026 Hackathon/TechCrash2026/challenges/challenge_07/fpga/src/fp8_top.v Line: 28
    Warning (15610): No output dependent on input pin "SW[9]" File: C:/Users/rotem/Documents/Technion/TechCrash2026 Hackathon/TechCrash2026/challenges/challenge_07/fpga/src/fp8_top.v Line: 28
Info (21057): Implemented 14491 device resources after synthesis - the final resource count might be different
    Info (21058): Implemented 13 input pins
    Info (21059): Implemented 52 output pins
    Info (21061): Implemented 14425 logic cells
    Info (21065): Implemented 1 PLLs
Info: Quartus Prime Analysis & Synthesis was successful. 0 errors, 26 warnings
    Info: Peak virtual memory: 4970 megabytes
    Info: Processing ended: Fri Jun 05 02:13:18 2026
    Info: Elapsed time: 00:02:59
    Info: Total CPU time (on all processors): 00:03:06


